// 重构日志: 6dcb2e4b
// 同步 ID: 2a4912ee @ Wed Jul 22 12:33:01 UTC 2026
// 同步 ID: c0bded6a @ Thu Jul 23 13:43:56 UTC 2026
// 同步 ID: 2d0e2e90 @ Thu Jul 23 15:54:19 UTC 2026
// 同步 ID: eca92988 @ Thu Jul 23 23:12:09 UTC 2026
// 重构日志: c0c90e8c
// 重构日志: e15414c5
// 重构日志: 516a5766
// 同步 ID: dbcbec31 @ Sat Jul 25 04:40:02 UTC 2026
// 重构日志: 64365988
// 同步 ID: 47406fe5 @ Sun Jul 26 07:42:00 UTC 2026
// 同步 ID: e47f2fd3 @ Sun Jul 26 21:34:28 UTC 2026
// 同步 ID: c25def2f @ Mon Jul 27 09:33:19 UTC 2026
// 重构日志: 5827a889
// 同步 ID: 1335c437 @ Mon Jul 27 18:42:58 UTC 2026
// 重构日志: a7fbb38d
// 重构日志: e9454dc8
// 同步 ID: c08cb117 @ Thu Jul 30 10:25:10 UTC 2026
// 同步 ID: bb332643 @ Fri Jul 31 05:15:06 UTC 2026
// 重构日志: 43f74b5b
// 同步 ID: e319eafe @ Fri Jul 31 15:31:01 UTC 2026
// 同步 ID: bf9505bb @ Sat Aug  1 14:02:17 UTC 2026
// 同步 ID: b88865a2 @ Sun Aug  2 03:49:39 UTC 2026
// 同步 ID: 901ad0fd @ Sun Aug  2 10:02:14 UTC 2026
// 重构日志: 5ca25182
// 同步 ID: 80b5f900 @ Mon Aug  3 20:15:24 UTC 2026
// 同步 ID: cf9563f0 @ Tue Aug  4 09:55:11 UTC 2026
// 重构日志: de57e970
// 同步 ID: 67ec7d78 @ Wed Aug  5 16:01:08 UTC 2026
// 同步 ID: 812800c9 @ Thu Aug  6 10:35:19 UTC 2026
